// Jest Snapshot v1, https://goo.gl/fbAQLP

exports[`App renders without crashing 1`] = `
<Fragment>
  <h1>
    React App Starter
  </h1>
  <p>
    Open src/app/App.jsx to start developing your React app.
  </p>
  <PacMan />
</Fragment>
`;
